[C3] Log: results/sim_t2_default.txt
[C3] Task: pushing
[ENV]  Directional task: id=4 name=west
[ENV]  Goal coords: [-0.3, 0.0]
[ENV]  Description: Push box 30cm west. Arm prepositioned on west face: contact normal anti-aligned with goal direction. Pusher would have to go through the box -- impossible without contact mode switch.
[ENV]  Mass: 0.2 kg   Friction mu: 0.4
[MPC]  Horizon: 20   dt: 0.05 s
[MPC]  ADMM max iters: 3   rho_init: 100.0
[MPC]  Force limit: 30.0 Nm
[COST] w_obj_xy:      100000.0
[COST] w_obj_z:       10.0
[COST] w_box_z:       100.0
[COST] w_box_rp:      50.0
[COST] w_terminal:    5.0  (QN = w_terminal * Q)
[COST] w_ee_approach: 8000.0
[COST] w_torque:      0.01
[ENV]  INITIAL_ARM_Q: DEFAULT
[C3] Building Drake environment ...
[SIM-T2] pusher_radius=0.025 (reference: end_effector_full.urdf sphere r=0.0195; env_PUSHA_PUSHER_RADIUS=<unset>)
[SIM-T2] pusher_mu=0.4 (reference: end_effector_full.urdf mu_static=1.0 mu_dynamic=1.0)
[SIM-T2] pusher_body='pusher' weld_parent='panda_link8' weld_offset=[0,0,0.05] (reference: end_effector_flange welded to panda_link7 at kToolAttachmentFrame=[0,0,0.107] + 180deg x-rotation)
[SIM-T2] robot_base_xyz=[0.0, -0.6, 0.0] (reference: Identity() = [0,0,0])
[SIM-T2] table_size=(2.0, 2.0, 0.1) origin=[0,0,-0.05] table_mu=(static=0.6, dynamic=0.5) (reference: ground.urdf box=(5.0, 0.91, 0.1) origin=[0,0,-0.05] mu=1.0 static+dynamic; welded via kFrankaToGroundOffset=[0,0,-0.029])
[SIM-T2] time_step=0.001 (reference sim_params.yaml: dt=0.001 — CONFORMANT)
Traceback (most recent call last):
  File "/root/push_anything_ADMM/main.py", line 1087, in <module>
    main()
  File "/root/push_anything_ADMM/main.py", line 460, in main
    build_environment(task_cfg, add_camera=_add_cam)
  File "/root/push_anything_ADMM/sim/env_builder.py", line 333, in build_environment
    print(f"[SIM-T2] task='{obj_type}' friction={task_cfg.get('friction', 'n/a')} "
UnboundLocalError: local variable 'obj_type' referenced before assignment
