seed=0 arm=alpha05 rc=0 603s n_contact=2 | [RESULT] method=sampling-c3  final_obj_xy=(-0.0039, -0.0046)  goal_dist=0.2961m  success=NO
seed=0 arm=off rc=0 629s n_contact=0 | [RESULT] method=sampling-c3  final_obj_xy=(0.0002, 0.0032)  goal_dist=0.3002m  success=NO
seed=1 arm=alpha05 rc=0 660s n_contact=0 | [RESULT] method=sampling-c3  final_obj_xy=(-0.0006, 0.0051)  goal_dist=0.2995m  success=NO
seed=1 arm=off rc=0 728s n_contact=0 | [RESULT] method=sampling-c3  final_obj_xy=(0.0021, 0.0095)  goal_dist=0.3023m  success=NO
seed=2 arm=alpha05 rc=0 626s n_contact=0 | [RESULT] method=sampling-c3  final_obj_xy=(-0.0012, 0.0069)  goal_dist=0.2989m  success=NO
seed=2 arm=off rc=0 893s n_contact=0 | [RESULT] method=sampling-c3  final_obj_xy=(-0.0000, 0.0023)  goal_dist=0.3000m  success=NO
seed=3 arm=alpha05 rc=0 633s n_contact=1 | [RESULT] method=sampling-c3  final_obj_xy=(0.0012, -0.0059)  goal_dist=0.3012m  success=NO
seed=3 arm=off rc=0 890s n_contact=5 | [RESULT] method=sampling-c3  final_obj_xy=(-0.0003, -0.0024)  goal_dist=0.2997m  success=NO
seed=4 arm=alpha05 rc=0 653s n_contact=1 | [RESULT] method=sampling-c3  final_obj_xy=(-0.0027, -0.0056)  goal_dist=0.2974m  success=NO
seed=4 arm=off rc=0 845s n_contact=20 | [RESULT] method=sampling-c3  final_obj_xy=(-0.0068, -0.0069)  goal_dist=0.2933m  success=NO
seed=5 arm=alpha05 rc=0 601s n_contact=0 | [RESULT] method=sampling-c3  final_obj_xy=(0.0004, 0.0029)  goal_dist=0.3004m  success=NO
seed=5 arm=off rc=0 768s n_contact=0 | [RESULT] method=sampling-c3  final_obj_xy=(0.0004, 0.0023)  goal_dist=0.3004m  success=NO
seed=6 arm=off rc=0 487s n_contact=0 | [RESULT] method=sampling-c3  final_obj_xy=(-0.0006, 0.0073)  goal_dist=0.2995m  success=NO
seed=6 arm=alpha05 rc=0 518s n_contact=2 | [RESULT] method=sampling-c3  final_obj_xy=(-0.0024, 0.0042)  goal_dist=0.2976m  success=NO
seed=7 arm=alpha05 rc=0 570s n_contact=4 | [RESULT] method=sampling-c3  final_obj_xy=(-0.0018, -0.0077)  goal_dist=0.2983m  success=NO
seed=7 arm=off rc=0 741s n_contact=4 | [RESULT] method=sampling-c3  final_obj_xy=(-0.0012, -0.0029)  goal_dist=0.2988m  success=NO
seed=8 arm=alpha05 rc=0 498s n_contact=0 | [RESULT] method=sampling-c3  final_obj_xy=(0.0039, 0.0021)  goal_dist=0.3039m  success=NO
seed=8 arm=off rc=0 667s n_contact=1 | [RESULT] method=sampling-c3  final_obj_xy=(0.0041, 0.0012)  goal_dist=0.3041m  success=NO
seed=9 arm=off rc=0 633s n_contact=0 | [RESULT] method=sampling-c3  final_obj_xy=(0.0010, 0.0016)  goal_dist=0.3010m  success=NO
seed=9 arm=alpha05 rc=0 606s n_contact=9 | [RESULT] method=sampling-c3  final_obj_xy=(-0.0087, -0.0299)  goal_dist=0.2928m  success=NO
